  Determining projects to restore...
  All projects are up-to-date for restore.
C:\Users\User\Documents\Personal\Arza\ECommerce.Core\DTOs\ReviewDtos.cs(39,19): warning CS8618: Non-nullable property 'Comment' must contain a non-null value when exiting constructor. Consider adding the 'required' modifier or declaring the property as nullable. [C:\Users\User\Documents\Personal\Arza\ECommerce.Core\ECommerce.Core.csproj]
C:\Users\User\Documents\Personal\Arza\ECommerce.Core\DTOs\ReviewDtos.cs(26,19): warning CS8618: Non-nullable property 'CustomerName' must contain a non-null value when exiting constructor. Consider adding the 'required' modifier or declaring the property as nullable. [C:\Users\User\Documents\Personal\Arza\ECommerce.Core\ECommerce.Core.csproj]
C:\Users\User\Documents\Personal\Arza\ECommerce.Core\DTOs\ReviewDtos.cs(33,19): warning CS8618: Non-nullable property 'Comment' must contain a non-null value when exiting constructor. Consider adding the 'required' modifier or declaring the property as nullable. [C:\Users\User\Documents\Personal\Arza\ECommerce.Core\ECommerce.Core.csproj]
C:\Users\User\Documents\Personal\Arza\ECommerce.Core\DTOs\ReviewDtos.cs(9,19): warning CS8618: Non-nullable property 'ProductName' must contain a non-null value when exiting constructor. Consider adding the 'required' modifier or declaring the property as nullable. [C:\Users\User\Documents\Personal\Arza\ECommerce.Core\ECommerce.Core.csproj]
C:\Users\User\Documents\Personal\Arza\ECommerce.Core\DTOs\ReviewDtos.cs(10,19): warning CS8618: Non-nullable property 'CustomerName' must contain a non-null value when exiting constructor. Consider adding the 'required' modifier or declaring the property as nullable. [C:\Users\User\Documents\Personal\Arza\ECommerce.Core\ECommerce.Core.csproj]
C:\Users\User\Documents\Personal\Arza\ECommerce.Core\DTOs\ReviewDtos.cs(13,19): warning CS8618: Non-nullable property 'Comment' must contain a non-null value when exiting constructor. Consider adding the 'required' modifier or declaring the property as nullable. [C:\Users\User\Documents\Personal\Arza\ECommerce.Core\ECommerce.Core.csproj]
C:\Users\User\Documents\Personal\Arza\ECommerce.Core\DTOs\ProductDtos.cs(130,19): warning CS8618: Non-nullable property 'Label' must contain a non-null value when exiting constructor. Consider adding the 'required' modifier or declaring the property as nullable. [C:\Users\User\Documents\Personal\Arza\ECommerce.Core\ECommerce.Core.csproj]
C:\Users\User\Documents\Personal\Arza\ECommerce.Core\DTOs\ProductDtos.cs(134,19): warning CS8618: Non-nullable property 'Sku' must contain a non-null value when exiting constructor. Consider adding the 'required' modifier or declaring the property as nullable. [C:\Users\User\Documents\Personal\Arza\ECommerce.Core\ECommerce.Core.csproj]
C:\Users\User\Documents\Personal\Arza\ECommerce.Core\Specifications\BaseSpecification.cs(8,12): warning CS8618: Non-nullable property 'Criteria' must contain a non-null value when exiting constructor. Consider adding the 'required' modifier or declaring the property as nullable. [C:\Users\User\Documents\Personal\Arza\ECommerce.Core\ECommerce.Core.csproj]
C:\Users\User\Documents\Personal\Arza\ECommerce.Core\Specifications\BaseSpecification.cs(8,12): warning CS8618: Non-nullable property 'OrderBy' must contain a non-null value when exiting constructor. Consider adding the 'required' modifier or declaring the property as nullable. [C:\Users\User\Documents\Personal\Arza\ECommerce.Core\ECommerce.Core.csproj]
C:\Users\User\Documents\Personal\Arza\ECommerce.Core\Specifications\BaseSpecification.cs(8,12): warning CS8618: Non-nullable property 'OrderByDescending' must contain a non-null value when exiting constructor. Consider adding the 'required' modifier or declaring the property as nullable. [C:\Users\User\Documents\Personal\Arza\ECommerce.Core\ECommerce.Core.csproj]
C:\Users\User\Documents\Personal\Arza\ECommerce.Core\Specifications\BaseSpecification.cs(12,12): warning CS8618: Non-nullable property 'OrderBy' must contain a non-null value when exiting constructor. Consider adding the 'required' modifier or declaring the property as nullable. [C:\Users\User\Documents\Personal\Arza\ECommerce.Core\ECommerce.Core.csproj]
C:\Users\User\Documents\Personal\Arza\ECommerce.Core\Specifications\BaseSpecification.cs(12,12): warning CS8618: Non-nullable property 'OrderByDescending' must contain a non-null value when exiting constructor. Consider adding the 'required' modifier or declaring the property as nullable. [C:\Users\User\Documents\Personal\Arza\ECommerce.Core\ECommerce.Core.csproj]
C:\Users\User\Documents\Personal\Arza\ECommerce.Core\Entities\SubCategory.cs(7,19): warning CS8618: Non-nullable property 'Name' must contain a non-null value when exiting constructor. Consider adding the 'required' modifier or declaring the property as nullable. [C:\Users\User\Documents\Personal\Arza\ECommerce.Core\ECommerce.Core.csproj]
C:\Users\User\Documents\Personal\Arza\ECommerce.Core\Entities\SubCategory.cs(8,19): warning CS8618: Non-nullable property 'Slug' must contain a non-null value when exiting constructor. Consider adding the 'required' modifier or declaring the property as nullable. [C:\Users\User\Documents\Personal\Arza\ECommerce.Core\ECommerce.Core.csproj]
C:\Users\User\Documents\Personal\Arza\ECommerce.Core\Entities\SubCategory.cs(16,21): warning CS8618: Non-nullable property 'Category' must contain a non-null value when exiting constructor. Consider adding the 'required' modifier or declaring the property as nullable. [C:\Users\User\Documents\Personal\Arza\ECommerce.Core\ECommerce.Core.csproj]
C:\Users\User\Documents\Personal\Arza\ECommerce.Core\DTOs\ProductDto.cs(86,19): warning CS8618: Non-nullable property 'Name' must contain a non-null value when exiting constructor. Consider adding the 'required' modifier or declaring the property as nullable. [C:\Users\User\Documents\Personal\Arza\ECommerce.Core\ECommerce.Core.csproj]
C:\Users\User\Documents\Personal\Arza\ECommerce.Core\DTOs\ProductDto.cs(87,19): warning CS8618: Non-nullable property 'Slug' must contain a non-null value when exiting constructor. Consider adding the 'required' modifier or declaring the property as nullable. [C:\Users\User\Documents\Personal\Arza\ECommerce.Core\ECommerce.Core.csproj]
C:\Users\User\Documents\Personal\Arza\ECommerce.Core\DTOs\ProductDto.cs(90,19): warning CS8618: Non-nullable property 'ImageUrl' must contain a non-null value when exiting constructor. Consider adding the 'required' modifier or declaring the property as nullable. [C:\Users\User\Documents\Personal\Arza\ECommerce.Core\ECommerce.Core.csproj]
C:\Users\User\Documents\Personal\Arza\ECommerce.Core\DTOs\ProductDto.cs(91,19): warning CS8618: Non-nullable property 'CategoryName' must contain a non-null value when exiting constructor. Consider adding the 'required' modifier or declaring the property as nullable. [C:\Users\User\Documents\Personal\Arza\ECommerce.Core\ECommerce.Core.csproj]
C:\Users\User\Documents\Personal\Arza\ECommerce.Core\Entities\Review.cs(9,20): warning CS8618: Non-nullable property 'Product' must contain a non-null value when exiting constructor. Consider adding the 'required' modifier or declaring the property as nullable. [C:\Users\User\Documents\Personal\Arza\ECommerce.Core\ECommerce.Core.csproj]
C:\Users\User\Documents\Personal\Arza\ECommerce.Core\Entities\Review.cs(12,19): warning CS8618: Non-nullable property 'CustomerName' must contain a non-null value when exiting constructor. Consider adding the 'required' modifier or declaring the property as nullable. [C:\Users\User\Documents\Personal\Arza\ECommerce.Core\ECommerce.Core.csproj]
C:\Users\User\Documents\Personal\Arza\ECommerce.Core\Entities\Review.cs(21,19): warning CS8618: Non-nullable property 'Comment' must contain a non-null value when exiting constructor. Consider adding the 'required' modifier or declaring the property as nullable. [C:\Users\User\Documents\Personal\Arza\ECommerce.Core\ECommerce.Core.csproj]
C:\Users\User\Documents\Personal\Arza\ECommerce.Core\Entities\ProductVariant.cs(15,20): warning CS8618: Non-nullable property 'Product' must contain a non-null value when exiting constructor. Consider adding the 'required' modifier or declaring the property as nullable. [C:\Users\User\Documents\Personal\Arza\ECommerce.Core\ECommerce.Core.csproj]
C:\Users\User\Documents\Personal\Arza\ECommerce.Core\Entities\CartItem.cs(6,17): warning CS8618: Non-nullable property 'Cart' must contain a non-null value when exiting constructor. Consider adding the 'required' modifier or declaring the property as nullable. [C:\Users\User\Documents\Personal\Arza\ECommerce.Core\ECommerce.Core.csproj]
C:\Users\User\Documents\Personal\Arza\ECommerce.Core\Entities\CartItem.cs(9,20): warning CS8618: Non-nullable property 'Product' must contain a non-null value when exiting constructor. Consider adding the 'required' modifier or declaring the property as nullable. [C:\Users\User\Documents\Personal\Arza\ECommerce.Core\ECommerce.Core.csproj]
C:\Users\User\Documents\Personal\Arza\ECommerce.Core\DTOs\ProductDto.cs(55,19): warning CS8618: Non-nullable property 'ImageUrl' must contain a non-null value when exiting constructor. Consider adding the 'required' modifier or declaring the property as nullable. [C:\Users\User\Documents\Personal\Arza\ECommerce.Core\ECommerce.Core.csproj]
C:\Users\User\Documents\Personal\Arza\ECommerce.Core\DTOs\ProductDto.cs(59,19): warning CS8618: Non-nullable property 'Type' must contain a non-null value when exiting constructor. Consider adding the 'required' modifier or declaring the property as nullable. [C:\Users\User\Documents\Personal\Arza\ECommerce.Core\ECommerce.Core.csproj]
C:\Users\User\Documents\Personal\Arza\ECommerce.Core\Entities\ProductImage.cs(5,19): warning CS8618: Non-nullable property 'Url' must contain a non-null value when exiting constructor. Consider adding the 'required' modifier or declaring the property as nullable. [C:\Users\User\Documents\Personal\Arza\ECommerce.Core\ECommerce.Core.csproj]
C:\Users\User\Documents\Personal\Arza\ECommerce.Core\Entities\ProductImage.cs(14,20): warning CS8618: Non-nullable property 'Product' must contain a non-null value when exiting constructor. Consider adding the 'required' modifier or declaring the property as nullable. [C:\Users\User\Documents\Personal\Arza\ECommerce.Core\ECommerce.Core.csproj]
C:\Users\User\Documents\Personal\Arza\ECommerce.Core\Entities\Category.cs(7,19): warning CS8618: Non-nullable property 'Name' must contain a non-null value when exiting constructor. Consider adding the 'required' modifier or declaring the property as nullable. [C:\Users\User\Documents\Personal\Arza\ECommerce.Core\ECommerce.Core.csproj]
C:\Users\User\Documents\Personal\Arza\ECommerce.Core\Entities\Category.cs(8,19): warning CS8618: Non-nullable property 'Slug' must contain a non-null value when exiting constructor. Consider adding the 'required' modifier or declaring the property as nullable. [C:\Users\User\Documents\Personal\Arza\ECommerce.Core\ECommerce.Core.csproj]
C:\Users\User\Documents\Personal\Arza\ECommerce.Core\Entities\Collection.cs(7,19): warning CS8618: Non-nullable property 'Name' must contain a non-null value when exiting constructor. Consider adding the 'required' modifier or declaring the property as nullable. [C:\Users\User\Documents\Personal\Arza\ECommerce.Core\ECommerce.Core.csproj]
C:\Users\User\Documents\Personal\Arza\ECommerce.Core\Entities\Collection.cs(8,19): warning CS8618: Non-nullable property 'Slug' must contain a non-null value when exiting constructor. Consider adding the 'required' modifier or declaring the property as nullable. [C:\Users\User\Documents\Personal\Arza\ECommerce.Core\ECommerce.Core.csproj]
C:\Users\User\Documents\Personal\Arza\ECommerce.Core\Entities\Collection.cs(16,24): warning CS8618: Non-nullable property 'SubCategory' must contain a non-null value when exiting constructor. Consider adding the 'required' modifier or declaring the property as nullable. [C:\Users\User\Documents\Personal\Arza\ECommerce.Core\ECommerce.Core.csproj]
C:\Users\User\Documents\Personal\Arza\ECommerce.Core\Entities\Customer.cs(8,19): warning CS8618: Non-nullable property 'Phone' must contain a non-null value when exiting constructor. Consider adding the 'required' modifier or declaring the property as nullable. [C:\Users\User\Documents\Personal\Arza\ECommerce.Core\ECommerce.Core.csproj]
C:\Users\User\Documents\Personal\Arza\ECommerce.Core\Entities\Customer.cs(11,19): warning CS8618: Non-nullable property 'Name' must contain a non-null value when exiting constructor. Consider adding the 'required' modifier or declaring the property as nullable. [C:\Users\User\Documents\Personal\Arza\ECommerce.Core\ECommerce.Core.csproj]
C:\Users\User\Documents\Personal\Arza\ECommerce.Core\Entities\Customer.cs(14,19): warning CS8618: Non-nullable property 'Address' must contain a non-null value when exiting constructor. Consider adding the 'required' modifier or declaring the property as nullable. [C:\Users\User\Documents\Personal\Arza\ECommerce.Core\ECommerce.Core.csproj]
C:\Users\User\Documents\Personal\Arza\ECommerce.Core\DTOs\ProductDto.cs(9,19): warning CS8618: Non-nullable property 'Name' must contain a non-null value when exiting constructor. Consider adding the 'required' modifier or declaring the property as nullable. [C:\Users\User\Documents\Personal\Arza\ECommerce.Core\ECommerce.Core.csproj]
C:\Users\User\Documents\Personal\Arza\ECommerce.Core\DTOs\ProductDto.cs(10,19): warning CS8618: Non-nullable property 'Slug' must contain a non-null value when exiting constructor. Consider adding the 'required' modifier or declaring the property as nullable. [C:\Users\User\Documents\Personal\Arza\ECommerce.Core\ECommerce.Core.csproj]
C:\Users\User\Documents\Personal\Arza\ECommerce.Core\DTOs\ProductDto.cs(13,19): warning CS8618: Non-nullable property 'Sku' must contain a non-null value when exiting constructor. Consider adding the 'required' modifier or declaring the property as nullable. [C:\Users\User\Documents\Personal\Arza\ECommerce.Core\ECommerce.Core.csproj]
C:\Users\User\Documents\Personal\Arza\ECommerce.Core\DTOs\ProductDto.cs(25,19): warning CS8618: Non-nullable property 'CategoryName' must contain a non-null value when exiting constructor. Consider adding the 'required' modifier or declaring the property as nullable. [C:\Users\User\Documents\Personal\Arza\ECommerce.Core\ECommerce.Core.csproj]
C:\Users\User\Documents\Personal\Arza\ECommerce.Core\DTOs\PageDto.cs(16,19): warning CS8618: Non-nullable property 'Title' must contain a non-null value when exiting constructor. Consider adding the 'required' modifier or declaring the property as nullable. [C:\Users\User\Documents\Personal\Arza\ECommerce.Core\ECommerce.Core.csproj]
C:\Users\User\Documents\Personal\Arza\ECommerce.Core\DTOs\PageDto.cs(17,19): warning CS8618: Non-nullable property 'Slug' must contain a non-null value when exiting constructor. Consider adding the 'required' modifier or declaring the property as nullable. [C:\Users\User\Documents\Personal\Arza\ECommerce.Core\ECommerce.Core.csproj]
C:\Users\User\Documents\Personal\Arza\ECommerce.Core\DTOs\PageDto.cs(18,19): warning CS8618: Non-nullable property 'Content' must contain a non-null value when exiting constructor. Consider adding the 'required' modifier or declaring the property as nullable. [C:\Users\User\Documents\Personal\Arza\ECommerce.Core\ECommerce.Core.csproj]
C:\Users\User\Documents\Personal\Arza\ECommerce.Core\DTOs\PageDto.cs(19,19): warning CS8618: Non-nullable property 'MetaTitle' must contain a non-null value when exiting constructor. Consider adding the 'required' modifier or declaring the property as nullable. [C:\Users\User\Documents\Personal\Arza\ECommerce.Core\ECommerce.Core.csproj]
C:\Users\User\Documents\Personal\Arza\ECommerce.Core\DTOs\PageDto.cs(20,19): warning CS8618: Non-nullable property 'MetaDescription' must contain a non-null value when exiting constructor. Consider adding the 'required' modifier or declaring the property as nullable. [C:\Users\User\Documents\Personal\Arza\ECommerce.Core\ECommerce.Core.csproj]
C:\Users\User\Documents\Personal\Arza\ECommerce.Core\Entities\HeroBanner.cs(9,19): warning CS8618: Non-nullable property 'ImageUrl' must contain a non-null value when exiting constructor. Consider adding the 'required' modifier or declaring the property as nullable. [C:\Users\User\Documents\Personal\Arza\ECommerce.Core\ECommerce.Core.csproj]
C:\Users\User\Documents\Personal\Arza\ECommerce.Core\DTOs\PageDto.cs(6,19): warning CS8618: Non-nullable property 'Title' must contain a non-null value when exiting constructor. Consider adding the 'required' modifier or declaring the property as nullable. [C:\Users\User\Documents\Personal\Arza\ECommerce.Core\ECommerce.Core.csproj]
C:\Users\User\Documents\Personal\Arza\ECommerce.Core\DTOs\PageDto.cs(7,19): warning CS8618: Non-nullable property 'Slug' must contain a non-null value when exiting constructor. Consider adding the 'required' modifier or declaring the property as nullable. [C:\Users\User\Documents\Personal\Arza\ECommerce.Core\ECommerce.Core.csproj]
C:\Users\User\Documents\Personal\Arza\ECommerce.Core\DTOs\PageDto.cs(8,19): warning CS8618: Non-nullable property 'Content' must contain a non-null value when exiting constructor. Consider adding the 'required' modifier or declaring the property as nullable. [C:\Users\User\Documents\Personal\Arza\ECommerce.Core\ECommerce.Core.csproj]
C:\Users\User\Documents\Personal\Arza\ECommerce.Core\DTOs\PageDto.cs(9,19): warning CS8618: Non-nullable property 'MetaTitle' must contain a non-null value when exiting constructor. Consider adding the 'required' modifier or declaring the property as nullable. [C:\Users\User\Documents\Personal\Arza\ECommerce.Core\ECommerce.Core.csproj]
C:\Users\User\Documents\Personal\Arza\ECommerce.Core\DTOs\PageDto.cs(10,19): warning CS8618: Non-nullable property 'MetaDescription' must contain a non-null value when exiting constructor. Consider adding the 'required' modifier or declaring the property as nullable. [C:\Users\User\Documents\Personal\Arza\ECommerce.Core\ECommerce.Core.csproj]
C:\Users\User\Documents\Personal\Arza\ECommerce.Core\DTOs\OrderDtos.cs(31,19): warning CS8618: Non-nullable property 'OrderNumber' must contain a non-null value when exiting constructor. Consider adding the 'required' modifier or declaring the property as nullable. [C:\Users\User\Documents\Personal\Arza\ECommerce.Core\ECommerce.Core.csproj]
C:\Users\User\Documents\Personal\Arza\ECommerce.Core\DTOs\OrderDtos.cs(32,19): warning CS8618: Non-nullable property 'CustomerName' must contain a non-null value when exiting constructor. Consider adding the 'required' modifier or declaring the property as nullable. [C:\Users\User\Documents\Personal\Arza\ECommerce.Core\ECommerce.Core.csproj]
C:\Users\User\Documents\Personal\Arza\ECommerce.Core\DTOs\OrderDtos.cs(33,19): warning CS8618: Non-nullable property 'CustomerPhone' must contain a non-null value when exiting constructor. Consider adding the 'required' modifier or declaring the property as nullable. [C:\Users\User\Documents\Personal\Arza\ECommerce.Core\ECommerce.Core.csproj]
C:\Users\User\Documents\Personal\Arza\ECommerce.Core\DTOs\OrderDtos.cs(34,19): warning CS8618: Non-nullable property 'ShippingAddress' must contain a non-null value when exiting constructor. Consider adding the 'required' modifier or declaring the property as nullable. [C:\Users\User\Documents\Personal\Arza\ECommerce.Core\ECommerce.Core.csproj]
C:\Users\User\Documents\Personal\Arza\ECommerce.Core\DTOs\OrderDtos.cs(40,19): warning CS8618: Non-nullable property 'Status' must contain a non-null value when exiting constructor. Consider adding the 'required' modifier or declaring the property as nullable. [C:\Users\User\Documents\Personal\Arza\ECommerce.Core\ECommerce.Core.csproj]
C:\Users\User\Documents\Personal\Arza\ECommerce.Core\DTOs\OrderDtos.cs(42,31): warning CS8618: Non-nullable property 'Items' must contain a non-null value when exiting constructor. Consider adding the 'required' modifier or declaring the property as nullable. [C:\Users\User\Documents\Personal\Arza\ECommerce.Core\ECommerce.Core.csproj]
C:\Users\User\Documents\Personal\Arza\ECommerce.Core\Entities\Product.cs(8,19): warning CS8618: Non-nullable property 'Name' must contain a non-null value when exiting constructor. Consider adding the 'required' modifier or declaring the property as nullable. [C:\Users\User\Documents\Personal\Arza\ECommerce.Core\ECommerce.Core.csproj]
C:\Users\User\Documents\Personal\Arza\ECommerce.Core\Entities\Product.cs(9,19): warning CS8618: Non-nullable property 'Slug' must contain a non-null value when exiting constructor. Consider adding the 'required' modifier or declaring the property as nullable. [C:\Users\User\Documents\Personal\Arza\ECommerce.Core\ECommerce.Core.csproj]
C:\Users\User\Documents\Personal\Arza\ECommerce.Core\Entities\Product.cs(12,19): warning CS8618: Non-nullable property 'Sku' must contain a non-null value when exiting constructor. Consider adding the 'required' modifier or declaring the property as nullable. [C:\Users\User\Documents\Personal\Arza\ECommerce.Core\ECommerce.Core.csproj]
C:\Users\User\Documents\Personal\Arza\ECommerce.Core\Entities\Product.cs(35,21): warning CS8618: Non-nullable property 'Category' must contain a non-null value when exiting constructor. Consider adding the 'required' modifier or declaring the property as nullable. [C:\Users\User\Documents\Personal\Arza\ECommerce.Core\ECommerce.Core.csproj]
C:\Users\User\Documents\Personal\Arza\ECommerce.Core\DTOs\OrderDtos.cs(7,19): warning CS8618: Non-nullable property 'Name' must contain a non-null value when exiting constructor. Consider adding the 'required' modifier or declaring the property as nullable. [C:\Users\User\Documents\Personal\Arza\ECommerce.Core\ECommerce.Core.csproj]
C:\Users\User\Documents\Personal\Arza\ECommerce.Core\DTOs\OrderDtos.cs(8,19): warning CS8618: Non-nullable property 'Phone' must contain a non-null value when exiting constructor. Consider adding the 'required' modifier or declaring the property as nullable. [C:\Users\User\Documents\Personal\Arza\ECommerce.Core\ECommerce.Core.csproj]
C:\Users\User\Documents\Personal\Arza\ECommerce.Core\DTOs\OrderDtos.cs(9,19): warning CS8618: Non-nullable property 'Address' must contain a non-null value when exiting constructor. Consider adding the 'required' modifier or declaring the property as nullable. [C:\Users\User\Documents\Personal\Arza\ECommerce.Core\ECommerce.Core.csproj]
C:\Users\User\Documents\Personal\Arza\ECommerce.Core\DTOs\OrderDtos.cs(13,31): warning CS8618: Non-nullable property 'Items' must contain a non-null value when exiting constructor. Consider adding the 'required' modifier or declaring the property as nullable. [C:\Users\User\Documents\Personal\Arza\ECommerce.Core\ECommerce.Core.csproj]
C:\Users\User\Documents\Personal\Arza\ECommerce.Core\DTOs\NavigationMenuDto.cs(18,19): warning CS8618: Non-nullable property 'Name' must contain a non-null value when exiting constructor. Consider adding the 'required' modifier or declaring the property as nullable. [C:\Users\User\Documents\Personal\Arza\ECommerce.Core\ECommerce.Core.csproj]
C:\Users\User\Documents\Personal\Arza\ECommerce.Core\DTOs\NavigationMenuDto.cs(19,19): warning CS8618: Non-nullable property 'Link' must contain a non-null value when exiting constructor. Consider adding the 'required' modifier or declaring the property as nullable. [C:\Users\User\Documents\Personal\Arza\ECommerce.Core\ECommerce.Core.csproj]
C:\Users\User\Documents\Personal\Arza\ECommerce.Core\DTOs\NavigationMenuDto.cs(8,19): warning CS8618: Non-nullable property 'Name' must contain a non-null value when exiting constructor. Consider adding the 'required' modifier or declaring the property as nullable. [C:\Users\User\Documents\Personal\Arza\ECommerce.Core\ECommerce.Core.csproj]
C:\Users\User\Documents\Personal\Arza\ECommerce.Core\DTOs\NavigationMenuDto.cs(9,19): warning CS8618: Non-nullable property 'Link' must contain a non-null value when exiting constructor. Consider adding the 'required' modifier or declaring the property as nullable. [C:\Users\User\Documents\Personal\Arza\ECommerce.Core\ECommerce.Core.csproj]
C:\Users\User\Documents\Personal\Arza\ECommerce.Core\Entities\Page.cs(5,19): warning CS8618: Non-nullable property 'Title' must contain a non-null value when exiting constructor. Consider adding the 'required' modifier or declaring the property as nullable. [C:\Users\User\Documents\Personal\Arza\ECommerce.Core\ECommerce.Core.csproj]
C:\Users\User\Documents\Personal\Arza\ECommerce.Core\Entities\Page.cs(6,19): warning CS8618: Non-nullable property 'Slug' must contain a non-null value when exiting constructor. Consider adding the 'required' modifier or declaring the property as nullable. [C:\Users\User\Documents\Personal\Arza\ECommerce.Core\ECommerce.Core.csproj]
C:\Users\User\Documents\Personal\Arza\ECommerce.Core\DTOs\MegaMenuDto.cs(30,19): warning CS8618: Non-nullable property 'Name' must contain a non-null value when exiting constructor. Consider adding the 'required' modifier or declaring the property as nullable. [C:\Users\User\Documents\Personal\Arza\ECommerce.Core\ECommerce.Core.csproj]
C:\Users\User\Documents\Personal\Arza\ECommerce.Core\DTOs\MegaMenuDto.cs(31,19): warning CS8618: Non-nullable property 'Slug' must contain a non-null value when exiting constructor. Consider adding the 'required' modifier or declaring the property as nullable. [C:\Users\User\Documents\Personal\Arza\ECommerce.Core\ECommerce.Core.csproj]
C:\Users\User\Documents\Personal\Arza\ECommerce.Core\DTOs\MegaMenuDto.cs(22,19): warning CS8618: Non-nullable property 'Name' must contain a non-null value when exiting constructor. Consider adding the 'required' modifier or declaring the property as nullable. [C:\Users\User\Documents\Personal\Arza\ECommerce.Core\ECommerce.Core.csproj]
C:\Users\User\Documents\Personal\Arza\ECommerce.Core\DTOs\MegaMenuDto.cs(23,19): warning CS8618: Non-nullable property 'Slug' must contain a non-null value when exiting constructor. Consider adding the 'required' modifier or declaring the property as nullable. [C:\Users\User\Documents\Personal\Arza\ECommerce.Core\ECommerce.Core.csproj]
C:\Users\User\Documents\Personal\Arza\ECommerce.Core\DTOs\MegaMenuDto.cs(24,47): warning CS8618: Non-nullable property 'Collections' must contain a non-null value when exiting constructor. Consider adding the 'required' modifier or declaring the property as nullable. [C:\Users\User\Documents\Personal\Arza\ECommerce.Core\ECommerce.Core.csproj]
C:\Users\User\Documents\Personal\Arza\ECommerce.Core\DTOs\MegaMenuDto.cs(13,19): warning CS8618: Non-nullable property 'Name' must contain a non-null value when exiting constructor. Consider adding the 'required' modifier or declaring the property as nullable. [C:\Users\User\Documents\Personal\Arza\ECommerce.Core\ECommerce.Core.csproj]
C:\Users\User\Documents\Personal\Arza\ECommerce.Core\DTOs\MegaMenuDto.cs(14,19): warning CS8618: Non-nullable property 'Slug' must contain a non-null value when exiting constructor. Consider adding the 'required' modifier or declaring the property as nullable. [C:\Users\User\Documents\Personal\Arza\ECommerce.Core\ECommerce.Core.csproj]
C:\Users\User\Documents\Personal\Arza\ECommerce.Core\DTOs\MegaMenuDto.cs(16,48): warning CS8618: Non-nullable property 'SubCategories' must contain a non-null value when exiting constructor. Consider adding the 'required' modifier or declaring the property as nullable. [C:\Users\User\Documents\Personal\Arza\ECommerce.Core\ECommerce.Core.csproj]
C:\Users\User\Documents\Personal\Arza\ECommerce.Core\DTOs\MegaMenuDto.cs(7,45): warning CS8618: Non-nullable property 'Categories' must contain a non-null value when exiting constructor. Consider adding the 'required' modifier or declaring the property as nullable. [C:\Users\User\Documents\Personal\Arza\ECommerce.Core\ECommerce.Core.csproj]
C:\Users\User\Documents\Personal\Arza\ECommerce.Core\DTOs\InventoryDtos.cs(16,19): warning CS8618: Non-nullable property 'Sku' must contain a non-null value when exiting constructor. Consider adding the 'required' modifier or declaring the property as nullable. [C:\Users\User\Documents\Personal\Arza\ECommerce.Core\ECommerce.Core.csproj]
C:\Users\User\Documents\Personal\Arza\ECommerce.Core\DTOs\InventoryDtos.cs(17,19): warning CS8618: Non-nullable property 'Size' must contain a non-null value when exiting constructor. Consider adding the 'required' modifier or declaring the property as nullable. [C:\Users\User\Documents\Personal\Arza\ECommerce.Core\ECommerce.Core.csproj]
C:\Users\User\Documents\Personal\Arza\ECommerce.Core\DTOs\InventoryDtos.cs(6,19): warning CS8618: Non-nullable property 'ProductName' must contain a non-null value when exiting constructor. Consider adding the 'required' modifier or declaring the property as nullable. [C:\Users\User\Documents\Personal\Arza\ECommerce.Core\ECommerce.Core.csproj]
C:\Users\User\Documents\Personal\Arza\ECommerce.Core\DTOs\InventoryDtos.cs(7,19): warning CS8618: Non-nullable property 'ProductSku' must contain a non-null value when exiting constructor. Consider adding the 'required' modifier or declaring the property as nullable. [C:\Users\User\Documents\Personal\Arza\ECommerce.Core\ECommerce.Core.csproj]
C:\Users\User\Documents\Personal\Arza\ECommerce.Core\DTOs\InventoryDtos.cs(8,19): warning CS8618: Non-nullable property 'ImageUrl' must contain a non-null value when exiting constructor. Consider adding the 'required' modifier or declaring the property as nullable. [C:\Users\User\Documents\Personal\Arza\ECommerce.Core\ECommerce.Core.csproj]
C:\Users\User\Documents\Personal\Arza\ECommerce.Core\Entities\Order.cs(44,18): warning CS8618: Non-nullable property 'Order' must contain a non-null value when exiting constructor. Consider adding the 'required' modifier or declaring the property as nullable. [C:\Users\User\Documents\Personal\Arza\ECommerce.Core\ECommerce.Core.csproj]
C:\Users\User\Documents\Personal\Arza\ECommerce.Core\Entities\Order.cs(47,20): warning CS8618: Non-nullable property 'Product' must contain a non-null value when exiting constructor. Consider adding the 'required' modifier or declaring the property as nullable. [C:\Users\User\Documents\Personal\Arza\ECommerce.Core\ECommerce.Core.csproj]
C:\Users\User\Documents\Personal\Arza\ECommerce.Core\Entities\Order.cs(49,19): warning CS8618: Non-nullable property 'ProductName' must contain a non-null value when exiting constructor. Consider adding the 'required' modifier or declaring the property as nullable. [C:\Users\User\Documents\Personal\Arza\ECommerce.Core\ECommerce.Core.csproj]
C:\Users\User\Documents\Personal\Arza\ECommerce.Core\DTOs\HeroBannerDto.cs(17,19): warning CS8618: Non-nullable property 'Title' must contain a non-null value when exiting constructor. Consider adding the 'required' modifier or declaring the property as nullable. [C:\Users\User\Documents\Personal\Arza\ECommerce.Core\ECommerce.Core.csproj]
C:\Users\User\Documents\Personal\Arza\ECommerce.Core\DTOs\HeroBannerDto.cs(18,19): warning CS8618: Non-nullable property 'Subtitle' must contain a non-null value when exiting constructor. Consider adding the 'required' modifier or declaring the property as nullable. [C:\Users\User\Documents\Personal\Arza\ECommerce.Core\ECommerce.Core.csproj]
C:\Users\User\Documents\Personal\Arza\ECommerce.Core\DTOs\HeroBannerDto.cs(19,19): warning CS8618: Non-nullable property 'ImageUrl' must contain a non-null value when exiting constructor. Consider adding the 'required' modifier or declaring the property as nullable. [C:\Users\User\Documents\Personal\Arza\ECommerce.Core\ECommerce.Core.csproj]
C:\Users\User\Documents\Personal\Arza\ECommerce.Core\DTOs\HeroBannerDto.cs(20,19): warning CS8618: Non-nullable property 'MobileImageUrl' must contain a non-null value when exiting constructor. Consider adding the 'required' modifier or declaring the property as nullable. [C:\Users\User\Documents\Personal\Arza\ECommerce.Core\ECommerce.Core.csproj]
C:\Users\User\Documents\Personal\Arza\ECommerce.Core\DTOs\HeroBannerDto.cs(21,19): warning CS8618: Non-nullable property 'LinkUrl' must contain a non-null value when exiting constructor. Consider adding the 'required' modifier or declaring the property as nullable. [C:\Users\User\Documents\Personal\Arza\ECommerce.Core\ECommerce.Core.csproj]
C:\Users\User\Documents\Personal\Arza\ECommerce.Core\DTOs\HeroBannerDto.cs(22,19): warning CS8618: Non-nullable property 'ButtonText' must contain a non-null value when exiting constructor. Consider adding the 'required' modifier or declaring the property as nullable. [C:\Users\User\Documents\Personal\Arza\ECommerce.Core\ECommerce.Core.csproj]
C:\Users\User\Documents\Personal\Arza\ECommerce.Core\DTOs\HeroBannerDto.cs(6,19): warning CS8618: Non-nullable property 'Title' must contain a non-null value when exiting constructor. Consider adding the 'required' modifier or declaring the property as nullable. [C:\Users\User\Documents\Personal\Arza\ECommerce.Core\ECommerce.Core.csproj]
C:\Users\User\Documents\Personal\Arza\ECommerce.Core\DTOs\HeroBannerDto.cs(7,19): warning CS8618: Non-nullable property 'Subtitle' must contain a non-null value when exiting constructor. Consider adding the 'required' modifier or declaring the property as nullable. [C:\Users\User\Documents\Personal\Arza\ECommerce.Core\ECommerce.Core.csproj]
C:\Users\User\Documents\Personal\Arza\ECommerce.Core\DTOs\HeroBannerDto.cs(8,19): warning CS8618: Non-nullable property 'ImageUrl' must contain a non-null value when exiting constructor. Consider adding the 'required' modifier or declaring the property as nullable. [C:\Users\User\Documents\Personal\Arza\ECommerce.Core\ECommerce.Core.csproj]
C:\Users\User\Documents\Personal\Arza\ECommerce.Core\DTOs\HeroBannerDto.cs(9,19): warning CS8618: Non-nullable property 'MobileImageUrl' must contain a non-null value when exiting constructor. Consider adding the 'required' modifier or declaring the property as nullable. [C:\Users\User\Documents\Personal\Arza\ECommerce.Core\ECommerce.Core.csproj]
C:\Users\User\Documents\Personal\Arza\ECommerce.Core\DTOs\HeroBannerDto.cs(10,19): warning CS8618: Non-nullable property 'LinkUrl' must contain a non-null value when exiting constructor. Consider adding the 'required' modifier or declaring the property as nullable. [C:\Users\User\Documents\Personal\Arza\ECommerce.Core\ECommerce.Core.csproj]
C:\Users\User\Documents\Personal\Arza\ECommerce.Core\DTOs\HeroBannerDto.cs(11,19): warning CS8618: Non-nullable property 'ButtonText' must contain a non-null value when exiting constructor. Consider adding the 'required' modifier or declaring the property as nullable. [C:\Users\User\Documents\Personal\Arza\ECommerce.Core\ECommerce.Core.csproj]
C:\Users\User\Documents\Personal\Arza\ECommerce.Core\Entities\Order.cs(19,19): warning CS8618: Non-nullable property 'OrderNumber' must contain a non-null value when exiting constructor. Consider adding the 'required' modifier or declaring the property as nullable. [C:\Users\User\Documents\Personal\Arza\ECommerce.Core\ECommerce.Core.csproj]
C:\Users\User\Documents\Personal\Arza\ECommerce.Core\Entities\Order.cs(22,19): warning CS8618: Non-nullable property 'CustomerName' must contain a non-null value when exiting constructor. Consider adding the 'required' modifier or declaring the property as nullable. [C:\Users\User\Documents\Personal\Arza\ECommerce.Core\ECommerce.Core.csproj]
C:\Users\User\Documents\Personal\Arza\ECommerce.Core\Entities\Order.cs(23,19): warning CS8618: Non-nullable property 'CustomerPhone' must contain a non-null value when exiting constructor. Consider adding the 'required' modifier or declaring the property as nullable. [C:\Users\User\Documents\Personal\Arza\ECommerce.Core\ECommerce.Core.csproj]
C:\Users\User\Documents\Personal\Arza\ECommerce.Core\Entities\Order.cs(24,19): warning CS8618: Non-nullable property 'ShippingAddress' must contain a non-null value when exiting constructor. Consider adding the 'required' modifier or declaring the property as nullable. [C:\Users\User\Documents\Personal\Arza\ECommerce.Core\ECommerce.Core.csproj]
C:\Users\User\Documents\Personal\Arza\ECommerce.Core\Entities\NavigationMenu.cs(7,19): warning CS8618: Non-nullable property 'Title' must contain a non-null value when exiting constructor. Consider adding the 'required' modifier or declaring the property as nullable. [C:\Users\User\Documents\Personal\Arza\ECommerce.Core\ECommerce.Core.csproj]
  ECommerce.Core -> C:\Users\User\Documents\Personal\Arza\ECommerce.Core\bin\Debug\net8.0\ECommerce.Core.dll
C:\Users\User\Documents\Personal\Arza\ECommerce.Infrastructure\Data\GenericRepository.cs(13,69): error CS0246: The type or namespace name 'BaseEntity' could not be found (are you missing a using directive or an assembly reference?) [C:\Users\User\Documents\Personal\Arza\ECommerce.Infrastructure\ECommerce.Infrastructure.csproj]
C:\Users\User\Documents\Personal\Arza\ECommerce.Infrastructure\Data\GenericRepository.cs(13,14): error CS0314: The type 'T' cannot be used as type parameter 'T' in the generic type or method 'IGenericRepository<T>'. There is no boxing conversion or type parameter conversion from 'T' to 'ECommerce.Core.Entities.BaseEntity'. [C:\Users\User\Documents\Personal\Arza\ECommerce.Infrastructure\ECommerce.Infrastructure.csproj]

Build FAILED.

C:\Users\User\Documents\Personal\Arza\ECommerce.Core\DTOs\ReviewDtos.cs(39,19): warning CS8618: Non-nullable property 'Comment' must contain a non-null value when exiting constructor. Consider adding the 'required' modifier or declaring the property as nullable. [C:\Users\User\Documents\Personal\Arza\ECommerce.Core\ECommerce.Core.csproj]
C:\Users\User\Documents\Personal\Arza\ECommerce.Core\DTOs\ReviewDtos.cs(26,19): warning CS8618: Non-nullable property 'CustomerName' must contain a non-null value when exiting constructor. Consider adding the 'required' modifier or declaring the property as nullable. [C:\Users\User\Documents\Personal\Arza\ECommerce.Core\ECommerce.Core.csproj]
C:\Users\User\Documents\Personal\Arza\ECommerce.Core\DTOs\ReviewDtos.cs(33,19): warning CS8618: Non-nullable property 'Comment' must contain a non-null value when exiting constructor. Consider adding the 'required' modifier or declaring the property as nullable. [C:\Users\User\Documents\Personal\Arza\ECommerce.Core\ECommerce.Core.csproj]
C:\Users\User\Documents\Personal\Arza\ECommerce.Core\DTOs\ReviewDtos.cs(9,19): warning CS8618: Non-nullable property 'ProductName' must contain a non-null value when exiting constructor. Consider adding the 'required' modifier or declaring the property as nullable. [C:\Users\User\Documents\Personal\Arza\ECommerce.Core\ECommerce.Core.csproj]
C:\Users\User\Documents\Personal\Arza\ECommerce.Core\DTOs\ReviewDtos.cs(10,19): warning CS8618: Non-nullable property 'CustomerName' must contain a non-null value when exiting constructor. Consider adding the 'required' modifier or declaring the property as nullable. [C:\Users\User\Documents\Personal\Arza\ECommerce.Core\ECommerce.Core.csproj]
C:\Users\User\Documents\Personal\Arza\ECommerce.Core\DTOs\ReviewDtos.cs(13,19): warning CS8618: Non-nullable property 'Comment' must contain a non-null value when exiting constructor. Consider adding the 'required' modifier or declaring the property as nullable. [C:\Users\User\Documents\Personal\Arza\ECommerce.Core\ECommerce.Core.csproj]
C:\Users\User\Documents\Personal\Arza\ECommerce.Core\DTOs\ProductDtos.cs(130,19): warning CS8618: Non-nullable property 'Label' must contain a non-null value when exiting constructor. Consider adding the 'required' modifier or declaring the property as nullable. [C:\Users\User\Documents\Personal\Arza\ECommerce.Core\ECommerce.Core.csproj]
C:\Users\User\Documents\Personal\Arza\ECommerce.Core\DTOs\ProductDtos.cs(134,19): warning CS8618: Non-nullable property 'Sku' must contain a non-null value when exiting constructor. Consider adding the 'required' modifier or declaring the property as nullable. [C:\Users\User\Documents\Personal\Arza\ECommerce.Core\ECommerce.Core.csproj]
C:\Users\User\Documents\Personal\Arza\ECommerce.Core\Specifications\BaseSpecification.cs(8,12): warning CS8618: Non-nullable property 'Criteria' must contain a non-null value when exiting constructor. Consider adding the 'required' modifier or declaring the property as nullable. [C:\Users\User\Documents\Personal\Arza\ECommerce.Core\ECommerce.Core.csproj]
C:\Users\User\Documents\Personal\Arza\ECommerce.Core\Specifications\BaseSpecification.cs(8,12): warning CS8618: Non-nullable property 'OrderBy' must contain a non-null value when exiting constructor. Consider adding the 'required' modifier or declaring the property as nullable. [C:\Users\User\Documents\Personal\Arza\ECommerce.Core\ECommerce.Core.csproj]
C:\Users\User\Documents\Personal\Arza\ECommerce.Core\Specifications\BaseSpecification.cs(8,12): warning CS8618: Non-nullable property 'OrderByDescending' must contain a non-null value when exiting constructor. Consider adding the 'required' modifier or declaring the property as nullable. [C:\Users\User\Documents\Personal\Arza\ECommerce.Core\ECommerce.Core.csproj]
C:\Users\User\Documents\Personal\Arza\ECommerce.Core\Specifications\BaseSpecification.cs(12,12): warning CS8618: Non-nullable property 'OrderBy' must contain a non-null value when exiting constructor. Consider adding the 'required' modifier or declaring the property as nullable. [C:\Users\User\Documents\Personal\Arza\ECommerce.Core\ECommerce.Core.csproj]
C:\Users\User\Documents\Personal\Arza\ECommerce.Core\Specifications\BaseSpecification.cs(12,12): warning CS8618: Non-nullable property 'OrderByDescending' must contain a non-null value when exiting constructor. Consider adding the 'required' modifier or declaring the property as nullable. [C:\Users\User\Documents\Personal\Arza\ECommerce.Core\ECommerce.Core.csproj]
C:\Users\User\Documents\Personal\Arza\ECommerce.Core\Entities\SubCategory.cs(7,19): warning CS8618: Non-nullable property 'Name' must contain a non-null value when exiting constructor. Consider adding the 'required' modifier or declaring the property as nullable. [C:\Users\User\Documents\Personal\Arza\ECommerce.Core\ECommerce.Core.csproj]
C:\Users\User\Documents\Personal\Arza\ECommerce.Core\Entities\SubCategory.cs(8,19): warning CS8618: Non-nullable property 'Slug' must contain a non-null value when exiting constructor. Consider adding the 'required' modifier or declaring the property as nullable. [C:\Users\User\Documents\Personal\Arza\ECommerce.Core\ECommerce.Core.csproj]
C:\Users\User\Documents\Personal\Arza\ECommerce.Core\Entities\SubCategory.cs(16,21): warning CS8618: Non-nullable property 'Category' must contain a non-null value when exiting constructor. Consider adding the 'required' modifier or declaring the property as nullable. [C:\Users\User\Documents\Personal\Arza\ECommerce.Core\ECommerce.Core.csproj]
C:\Users\User\Documents\Personal\Arza\ECommerce.Core\DTOs\ProductDto.cs(86,19): warning CS8618: Non-nullable property 'Name' must contain a non-null value when exiting constructor. Consider adding the 'required' modifier or declaring the property as nullable. [C:\Users\User\Documents\Personal\Arza\ECommerce.Core\ECommerce.Core.csproj]
C:\Users\User\Documents\Personal\Arza\ECommerce.Core\DTOs\ProductDto.cs(87,19): warning CS8618: Non-nullable property 'Slug' must contain a non-null value when exiting constructor. Consider adding the 'required' modifier or declaring the property as nullable. [C:\Users\User\Documents\Personal\Arza\ECommerce.Core\ECommerce.Core.csproj]
C:\Users\User\Documents\Personal\Arza\ECommerce.Core\DTOs\ProductDto.cs(90,19): warning CS8618: Non-nullable property 'ImageUrl' must contain a non-null value when exiting constructor. Consider adding the 'required' modifier or declaring the property as nullable. [C:\Users\User\Documents\Personal\Arza\ECommerce.Core\ECommerce.Core.csproj]
C:\Users\User\Documents\Personal\Arza\ECommerce.Core\DTOs\ProductDto.cs(91,19): warning CS8618: Non-nullable property 'CategoryName' must contain a non-null value when exiting constructor. Consider adding the 'required' modifier or declaring the property as nullable. [C:\Users\User\Documents\Personal\Arza\ECommerce.Core\ECommerce.Core.csproj]
C:\Users\User\Documents\Personal\Arza\ECommerce.Core\Entities\Review.cs(9,20): warning CS8618: Non-nullable property 'Product' must contain a non-null value when exiting constructor. Consider adding the 'required' modifier or declaring the property as nullable. [C:\Users\User\Documents\Personal\Arza\ECommerce.Core\ECommerce.Core.csproj]
C:\Users\User\Documents\Personal\Arza\ECommerce.Core\Entities\Review.cs(12,19): warning CS8618: Non-nullable property 'CustomerName' must contain a non-null value when exiting constructor. Consider adding the 'required' modifier or declaring the property as nullable. [C:\Users\User\Documents\Personal\Arza\ECommerce.Core\ECommerce.Core.csproj]
C:\Users\User\Documents\Personal\Arza\ECommerce.Core\Entities\Review.cs(21,19): warning CS8618: Non-nullable property 'Comment' must contain a non-null value when exiting constructor. Consider adding the 'required' modifier or declaring the property as nullable. [C:\Users\User\Documents\Personal\Arza\ECommerce.Core\ECommerce.Core.csproj]
C:\Users\User\Documents\Personal\Arza\ECommerce.Core\Entities\ProductVariant.cs(15,20): warning CS8618: Non-nullable property 'Product' must contain a non-null value when exiting constructor. Consider adding the 'required' modifier or declaring the property as nullable. [C:\Users\User\Documents\Personal\Arza\ECommerce.Core\ECommerce.Core.csproj]
C:\Users\User\Documents\Personal\Arza\ECommerce.Core\Entities\CartItem.cs(6,17): warning CS8618: Non-nullable property 'Cart' must contain a non-null value when exiting constructor. Consider adding the 'required' modifier or declaring the property as nullable. [C:\Users\User\Documents\Personal\Arza\ECommerce.Core\ECommerce.Core.csproj]
C:\Users\User\Documents\Personal\Arza\ECommerce.Core\Entities\CartItem.cs(9,20): warning CS8618: Non-nullable property 'Product' must contain a non-null value when exiting constructor. Consider adding the 'required' modifier or declaring the property as nullable. [C:\Users\User\Documents\Personal\Arza\ECommerce.Core\ECommerce.Core.csproj]
C:\Users\User\Documents\Personal\Arza\ECommerce.Core\DTOs\ProductDto.cs(55,19): warning CS8618: Non-nullable property 'ImageUrl' must contain a non-null value when exiting constructor. Consider adding the 'required' modifier or declaring the property as nullable. [C:\Users\User\Documents\Personal\Arza\ECommerce.Core\ECommerce.Core.csproj]
C:\Users\User\Documents\Personal\Arza\ECommerce.Core\DTOs\ProductDto.cs(59,19): warning CS8618: Non-nullable property 'Type' must contain a non-null value when exiting constructor. Consider adding the 'required' modifier or declaring the property as nullable. [C:\Users\User\Documents\Personal\Arza\ECommerce.Core\ECommerce.Core.csproj]
C:\Users\User\Documents\Personal\Arza\ECommerce.Core\Entities\ProductImage.cs(5,19): warning CS8618: Non-nullable property 'Url' must contain a non-null value when exiting constructor. Consider adding the 'required' modifier or declaring the property as nullable. [C:\Users\User\Documents\Personal\Arza\ECommerce.Core\ECommerce.Core.csproj]
C:\Users\User\Documents\Personal\Arza\ECommerce.Core\Entities\ProductImage.cs(14,20): warning CS8618: Non-nullable property 'Product' must contain a non-null value when exiting constructor. Consider adding the 'required' modifier or declaring the property as nullable. [C:\Users\User\Documents\Personal\Arza\ECommerce.Core\ECommerce.Core.csproj]
C:\Users\User\Documents\Personal\Arza\ECommerce.Core\Entities\Category.cs(7,19): warning CS8618: Non-nullable property 'Name' must contain a non-null value when exiting constructor. Consider adding the 'required' modifier or declaring the property as nullable. [C:\Users\User\Documents\Personal\Arza\ECommerce.Core\ECommerce.Core.csproj]
C:\Users\User\Documents\Personal\Arza\ECommerce.Core\Entities\Category.cs(8,19): warning CS8618: Non-nullable property 'Slug' must contain a non-null value when exiting constructor. Consider adding the 'required' modifier or declaring the property as nullable. [C:\Users\User\Documents\Personal\Arza\ECommerce.Core\ECommerce.Core.csproj]
C:\Users\User\Documents\Personal\Arza\ECommerce.Core\Entities\Collection.cs(7,19): warning CS8618: Non-nullable property 'Name' must contain a non-null value when exiting constructor. Consider adding the 'required' modifier or declaring the property as nullable. [C:\Users\User\Documents\Personal\Arza\ECommerce.Core\ECommerce.Core.csproj]
C:\Users\User\Documents\Personal\Arza\ECommerce.Core\Entities\Collection.cs(8,19): warning CS8618: Non-nullable property 'Slug' must contain a non-null value when exiting constructor. Consider adding the 'required' modifier or declaring the property as nullable. [C:\Users\User\Documents\Personal\Arza\ECommerce.Core\ECommerce.Core.csproj]
C:\Users\User\Documents\Personal\Arza\ECommerce.Core\Entities\Collection.cs(16,24): warning CS8618: Non-nullable property 'SubCategory' must contain a non-null value when exiting constructor. Consider adding the 'required' modifier or declaring the property as nullable. [C:\Users\User\Documents\Personal\Arza\ECommerce.Core\ECommerce.Core.csproj]
C:\Users\User\Documents\Personal\Arza\ECommerce.Core\Entities\Customer.cs(8,19): warning CS8618: Non-nullable property 'Phone' must contain a non-null value when exiting constructor. Consider adding the 'required' modifier or declaring the property as nullable. [C:\Users\User\Documents\Personal\Arza\ECommerce.Core\ECommerce.Core.csproj]
C:\Users\User\Documents\Personal\Arza\ECommerce.Core\Entities\Customer.cs(11,19): warning CS8618: Non-nullable property 'Name' must contain a non-null value when exiting constructor. Consider adding the 'required' modifier or declaring the property as nullable. [C:\Users\User\Documents\Personal\Arza\ECommerce.Core\ECommerce.Core.csproj]
C:\Users\User\Documents\Personal\Arza\ECommerce.Core\Entities\Customer.cs(14,19): warning CS8618: Non-nullable property 'Address' must contain a non-null value when exiting constructor. Consider adding the 'required' modifier or declaring the property as nullable. [C:\Users\User\Documents\Personal\Arza\ECommerce.Core\ECommerce.Core.csproj]
C:\Users\User\Documents\Personal\Arza\ECommerce.Core\DTOs\ProductDto.cs(9,19): warning CS8618: Non-nullable property 'Name' must contain a non-null value when exiting constructor. Consider adding the 'required' modifier or declaring the property as nullable. [C:\Users\User\Documents\Personal\Arza\ECommerce.Core\ECommerce.Core.csproj]
C:\Users\User\Documents\Personal\Arza\ECommerce.Core\DTOs\ProductDto.cs(10,19): warning CS8618: Non-nullable property 'Slug' must contain a non-null value when exiting constructor. Consider adding the 'required' modifier or declaring the property as nullable. [C:\Users\User\Documents\Personal\Arza\ECommerce.Core\ECommerce.Core.csproj]
C:\Users\User\Documents\Personal\Arza\ECommerce.Core\DTOs\ProductDto.cs(13,19): warning CS8618: Non-nullable property 'Sku' must contain a non-null value when exiting constructor. Consider adding the 'required' modifier or declaring the property as nullable. [C:\Users\User\Documents\Personal\Arza\ECommerce.Core\ECommerce.Core.csproj]
C:\Users\User\Documents\Personal\Arza\ECommerce.Core\DTOs\ProductDto.cs(25,19): warning CS8618: Non-nullable property 'CategoryName' must contain a non-null value when exiting constructor. Consider adding the 'required' modifier or declaring the property as nullable. [C:\Users\User\Documents\Personal\Arza\ECommerce.Core\ECommerce.Core.csproj]
C:\Users\User\Documents\Personal\Arza\ECommerce.Core\DTOs\PageDto.cs(16,19): warning CS8618: Non-nullable property 'Title' must contain a non-null value when exiting constructor. Consider adding the 'required' modifier or declaring the property as nullable. [C:\Users\User\Documents\Personal\Arza\ECommerce.Core\ECommerce.Core.csproj]
C:\Users\User\Documents\Personal\Arza\ECommerce.Core\DTOs\PageDto.cs(17,19): warning CS8618: Non-nullable property 'Slug' must contain a non-null value when exiting constructor. Consider adding the 'required' modifier or declaring the property as nullable. [C:\Users\User\Documents\Personal\Arza\ECommerce.Core\ECommerce.Core.csproj]
C:\Users\User\Documents\Personal\Arza\ECommerce.Core\DTOs\PageDto.cs(18,19): warning CS8618: Non-nullable property 'Content' must contain a non-null value when exiting constructor. Consider adding the 'required' modifier or declaring the property as nullable. [C:\Users\User\Documents\Personal\Arza\ECommerce.Core\ECommerce.Core.csproj]
C:\Users\User\Documents\Personal\Arza\ECommerce.Core\DTOs\PageDto.cs(19,19): warning CS8618: Non-nullable property 'MetaTitle' must contain a non-null value when exiting constructor. Consider adding the 'required' modifier or declaring the property as nullable. [C:\Users\User\Documents\Personal\Arza\ECommerce.Core\ECommerce.Core.csproj]
C:\Users\User\Documents\Personal\Arza\ECommerce.Core\DTOs\PageDto.cs(20,19): warning CS8618: Non-nullable property 'MetaDescription' must contain a non-null value when exiting constructor. Consider adding the 'required' modifier or declaring the property as nullable. [C:\Users\User\Documents\Personal\Arza\ECommerce.Core\ECommerce.Core.csproj]
C:\Users\User\Documents\Personal\Arza\ECommerce.Core\Entities\HeroBanner.cs(9,19): warning CS8618: Non-nullable property 'ImageUrl' must contain a non-null value when exiting constructor. Consider adding the 'required' modifier or declaring the property as nullable. [C:\Users\User\Documents\Personal\Arza\ECommerce.Core\ECommerce.Core.csproj]
C:\Users\User\Documents\Personal\Arza\ECommerce.Core\DTOs\PageDto.cs(6,19): warning CS8618: Non-nullable property 'Title' must contain a non-null value when exiting constructor. Consider adding the 'required' modifier or declaring the property as nullable. [C:\Users\User\Documents\Personal\Arza\ECommerce.Core\ECommerce.Core.csproj]
C:\Users\User\Documents\Personal\Arza\ECommerce.Core\DTOs\PageDto.cs(7,19): warning CS8618: Non-nullable property 'Slug' must contain a non-null value when exiting constructor. Consider adding the 'required' modifier or declaring the property as nullable. [C:\Users\User\Documents\Personal\Arza\ECommerce.Core\ECommerce.Core.csproj]
C:\Users\User\Documents\Personal\Arza\ECommerce.Core\DTOs\PageDto.cs(8,19): warning CS8618: Non-nullable property 'Content' must contain a non-null value when exiting constructor. Consider adding the 'required' modifier or declaring the property as nullable. [C:\Users\User\Documents\Personal\Arza\ECommerce.Core\ECommerce.Core.csproj]
C:\Users\User\Documents\Personal\Arza\ECommerce.Core\DTOs\PageDto.cs(9,19): warning CS8618: Non-nullable property 'MetaTitle' must contain a non-null value when exiting constructor. Consider adding the 'required' modifier or declaring the property as nullable. [C:\Users\User\Documents\Personal\Arza\ECommerce.Core\ECommerce.Core.csproj]
C:\Users\User\Documents\Personal\Arza\ECommerce.Core\DTOs\PageDto.cs(10,19): warning CS8618: Non-nullable property 'MetaDescription' must contain a non-null value when exiting constructor. Consider adding the 'required' modifier or declaring the property as nullable. [C:\Users\User\Documents\Personal\Arza\ECommerce.Core\ECommerce.Core.csproj]
C:\Users\User\Documents\Personal\Arza\ECommerce.Core\DTOs\OrderDtos.cs(31,19): warning CS8618: Non-nullable property 'OrderNumber' must contain a non-null value when exiting constructor. Consider adding the 'required' modifier or declaring the property as nullable. [C:\Users\User\Documents\Personal\Arza\ECommerce.Core\ECommerce.Core.csproj]
C:\Users\User\Documents\Personal\Arza\ECommerce.Core\DTOs\OrderDtos.cs(32,19): warning CS8618: Non-nullable property 'CustomerName' must contain a non-null value when exiting constructor. Consider adding the 'required' modifier or declaring the property as nullable. [C:\Users\User\Documents\Personal\Arza\ECommerce.Core\ECommerce.Core.csproj]
C:\Users\User\Documents\Personal\Arza\ECommerce.Core\DTOs\OrderDtos.cs(33,19): warning CS8618: Non-nullable property 'CustomerPhone' must contain a non-null value when exiting constructor. Consider adding the 'required' modifier or declaring the property as nullable. [C:\Users\User\Documents\Personal\Arza\ECommerce.Core\ECommerce.Core.csproj]
C:\Users\User\Documents\Personal\Arza\ECommerce.Core\DTOs\OrderDtos.cs(34,19): warning CS8618: Non-nullable property 'ShippingAddress' must contain a non-null value when exiting constructor. Consider adding the 'required' modifier or declaring the property as nullable. [C:\Users\User\Documents\Personal\Arza\ECommerce.Core\ECommerce.Core.csproj]
C:\Users\User\Documents\Personal\Arza\ECommerce.Core\DTOs\OrderDtos.cs(40,19): warning CS8618: Non-nullable property 'Status' must contain a non-null value when exiting constructor. Consider adding the 'required' modifier or declaring the property as nullable. [C:\Users\User\Documents\Personal\Arza\ECommerce.Core\ECommerce.Core.csproj]
C:\Users\User\Documents\Personal\Arza\ECommerce.Core\DTOs\OrderDtos.cs(42,31): warning CS8618: Non-nullable property 'Items' must contain a non-null value when exiting constructor. Consider adding the 'required' modifier or declaring the property as nullable. [C:\Users\User\Documents\Personal\Arza\ECommerce.Core\ECommerce.Core.csproj]
C:\Users\User\Documents\Personal\Arza\ECommerce.Core\Entities\Product.cs(8,19): warning CS8618: Non-nullable property 'Name' must contain a non-null value when exiting constructor. Consider adding the 'required' modifier or declaring the property as nullable. [C:\Users\User\Documents\Personal\Arza\ECommerce.Core\ECommerce.Core.csproj]
C:\Users\User\Documents\Personal\Arza\ECommerce.Core\Entities\Product.cs(9,19): warning CS8618: Non-nullable property 'Slug' must contain a non-null value when exiting constructor. Consider adding the 'required' modifier or declaring the property as nullable. [C:\Users\User\Documents\Personal\Arza\ECommerce.Core\ECommerce.Core.csproj]
C:\Users\User\Documents\Personal\Arza\ECommerce.Core\Entities\Product.cs(12,19): warning CS8618: Non-nullable property 'Sku' must contain a non-null value when exiting constructor. Consider adding the 'required' modifier or declaring the property as nullable. [C:\Users\User\Documents\Personal\Arza\ECommerce.Core\ECommerce.Core.csproj]
C:\Users\User\Documents\Personal\Arza\ECommerce.Core\Entities\Product.cs(35,21): warning CS8618: Non-nullable property 'Category' must contain a non-null value when exiting constructor. Consider adding the 'required' modifier or declaring the property as nullable. [C:\Users\User\Documents\Personal\Arza\ECommerce.Core\ECommerce.Core.csproj]
C:\Users\User\Documents\Personal\Arza\ECommerce.Core\DTOs\OrderDtos.cs(7,19): warning CS8618: Non-nullable property 'Name' must contain a non-null value when exiting constructor. Consider adding the 'required' modifier or declaring the property as nullable. [C:\Users\User\Documents\Personal\Arza\ECommerce.Core\ECommerce.Core.csproj]
C:\Users\User\Documents\Personal\Arza\ECommerce.Core\DTOs\OrderDtos.cs(8,19): warning CS8618: Non-nullable property 'Phone' must contain a non-null value when exiting constructor. Consider adding the 'required' modifier or declaring the property as nullable. [C:\Users\User\Documents\Personal\Arza\ECommerce.Core\ECommerce.Core.csproj]
C:\Users\User\Documents\Personal\Arza\ECommerce.Core\DTOs\OrderDtos.cs(9,19): warning CS8618: Non-nullable property 'Address' must contain a non-null value when exiting constructor. Consider adding the 'required' modifier or declaring the property as nullable. [C:\Users\User\Documents\Personal\Arza\ECommerce.Core\ECommerce.Core.csproj]
C:\Users\User\Documents\Personal\Arza\ECommerce.Core\DTOs\OrderDtos.cs(13,31): warning CS8618: Non-nullable property 'Items' must contain a non-null value when exiting constructor. Consider adding the 'required' modifier or declaring the property as nullable. [C:\Users\User\Documents\Personal\Arza\ECommerce.Core\ECommerce.Core.csproj]
C:\Users\User\Documents\Personal\Arza\ECommerce.Core\DTOs\NavigationMenuDto.cs(18,19): warning CS8618: Non-nullable property 'Name' must contain a non-null value when exiting constructor. Consider adding the 'required' modifier or declaring the property as nullable. [C:\Users\User\Documents\Personal\Arza\ECommerce.Core\ECommerce.Core.csproj]
C:\Users\User\Documents\Personal\Arza\ECommerce.Core\DTOs\NavigationMenuDto.cs(19,19): warning CS8618: Non-nullable property 'Link' must contain a non-null value when exiting constructor. Consider adding the 'required' modifier or declaring the property as nullable. [C:\Users\User\Documents\Personal\Arza\ECommerce.Core\ECommerce.Core.csproj]
C:\Users\User\Documents\Personal\Arza\ECommerce.Core\DTOs\NavigationMenuDto.cs(8,19): warning CS8618: Non-nullable property 'Name' must contain a non-null value when exiting constructor. Consider adding the 'required' modifier or declaring the property as nullable. [C:\Users\User\Documents\Personal\Arza\ECommerce.Core\ECommerce.Core.csproj]
C:\Users\User\Documents\Personal\Arza\ECommerce.Core\DTOs\NavigationMenuDto.cs(9,19): warning CS8618: Non-nullable property 'Link' must contain a non-null value when exiting constructor. Consider adding the 'required' modifier or declaring the property as nullable. [C:\Users\User\Documents\Personal\Arza\ECommerce.Core\ECommerce.Core.csproj]
C:\Users\User\Documents\Personal\Arza\ECommerce.Core\Entities\Page.cs(5,19): warning CS8618: Non-nullable property 'Title' must contain a non-null value when exiting constructor. Consider adding the 'required' modifier or declaring the property as nullable. [C:\Users\User\Documents\Personal\Arza\ECommerce.Core\ECommerce.Core.csproj]
C:\Users\User\Documents\Personal\Arza\ECommerce.Core\Entities\Page.cs(6,19): warning CS8618: Non-nullable property 'Slug' must contain a non-null value when exiting constructor. Consider adding the 'required' modifier or declaring the property as nullable. [C:\Users\User\Documents\Personal\Arza\ECommerce.Core\ECommerce.Core.csproj]
C:\Users\User\Documents\Personal\Arza\ECommerce.Core\DTOs\MegaMenuDto.cs(30,19): warning CS8618: Non-nullable property 'Name' must contain a non-null value when exiting constructor. Consider adding the 'required' modifier or declaring the property as nullable. [C:\Users\User\Documents\Personal\Arza\ECommerce.Core\ECommerce.Core.csproj]
C:\Users\User\Documents\Personal\Arza\ECommerce.Core\DTOs\MegaMenuDto.cs(31,19): warning CS8618: Non-nullable property 'Slug' must contain a non-null value when exiting constructor. Consider adding the 'required' modifier or declaring the property as nullable. [C:\Users\User\Documents\Personal\Arza\ECommerce.Core\ECommerce.Core.csproj]
C:\Users\User\Documents\Personal\Arza\ECommerce.Core\DTOs\MegaMenuDto.cs(22,19): warning CS8618: Non-nullable property 'Name' must contain a non-null value when exiting constructor. Consider adding the 'required' modifier or declaring the property as nullable. [C:\Users\User\Documents\Personal\Arza\ECommerce.Core\ECommerce.Core.csproj]
C:\Users\User\Documents\Personal\Arza\ECommerce.Core\DTOs\MegaMenuDto.cs(23,19): warning CS8618: Non-nullable property 'Slug' must contain a non-null value when exiting constructor. Consider adding the 'required' modifier or declaring the property as nullable. [C:\Users\User\Documents\Personal\Arza\ECommerce.Core\ECommerce.Core.csproj]
C:\Users\User\Documents\Personal\Arza\ECommerce.Core\DTOs\MegaMenuDto.cs(24,47): warning CS8618: Non-nullable property 'Collections' must contain a non-null value when exiting constructor. Consider adding the 'required' modifier or declaring the property as nullable. [C:\Users\User\Documents\Personal\Arza\ECommerce.Core\ECommerce.Core.csproj]
C:\Users\User\Documents\Personal\Arza\ECommerce.Core\DTOs\MegaMenuDto.cs(13,19): warning CS8618: Non-nullable property 'Name' must contain a non-null value when exiting constructor. Consider adding the 'required' modifier or declaring the property as nullable. [C:\Users\User\Documents\Personal\Arza\ECommerce.Core\ECommerce.Core.csproj]
C:\Users\User\Documents\Personal\Arza\ECommerce.Core\DTOs\MegaMenuDto.cs(14,19): warning CS8618: Non-nullable property 'Slug' must contain a non-null value when exiting constructor. Consider adding the 'required' modifier or declaring the property as nullable. [C:\Users\User\Documents\Personal\Arza\ECommerce.Core\ECommerce.Core.csproj]
C:\Users\User\Documents\Personal\Arza\ECommerce.Core\DTOs\MegaMenuDto.cs(16,48): warning CS8618: Non-nullable property 'SubCategories' must contain a non-null value when exiting constructor. Consider adding the 'required' modifier or declaring the property as nullable. [C:\Users\User\Documents\Personal\Arza\ECommerce.Core\ECommerce.Core.csproj]
C:\Users\User\Documents\Personal\Arza\ECommerce.Core\DTOs\MegaMenuDto.cs(7,45): warning CS8618: Non-nullable property 'Categories' must contain a non-null value when exiting constructor. Consider adding the 'required' modifier or declaring the property as nullable. [C:\Users\User\Documents\Personal\Arza\ECommerce.Core\ECommerce.Core.csproj]
C:\Users\User\Documents\Personal\Arza\ECommerce.Core\DTOs\InventoryDtos.cs(16,19): warning CS8618: Non-nullable property 'Sku' must contain a non-null value when exiting constructor. Consider adding the 'required' modifier or declaring the property as nullable. [C:\Users\User\Documents\Personal\Arza\ECommerce.Core\ECommerce.Core.csproj]
C:\Users\User\Documents\Personal\Arza\ECommerce.Core\DTOs\InventoryDtos.cs(17,19): warning CS8618: Non-nullable property 'Size' must contain a non-null value when exiting constructor. Consider adding the 'required' modifier or declaring the property as nullable. [C:\Users\User\Documents\Personal\Arza\ECommerce.Core\ECommerce.Core.csproj]
C:\Users\User\Documents\Personal\Arza\ECommerce.Core\DTOs\InventoryDtos.cs(6,19): warning CS8618: Non-nullable property 'ProductName' must contain a non-null value when exiting constructor. Consider adding the 'required' modifier or declaring the property as nullable. [C:\Users\User\Documents\Personal\Arza\ECommerce.Core\ECommerce.Core.csproj]
C:\Users\User\Documents\Personal\Arza\ECommerce.Core\DTOs\InventoryDtos.cs(7,19): warning CS8618: Non-nullable property 'ProductSku' must contain a non-null value when exiting constructor. Consider adding the 'required' modifier or declaring the property as nullable. [C:\Users\User\Documents\Personal\Arza\ECommerce.Core\ECommerce.Core.csproj]
C:\Users\User\Documents\Personal\Arza\ECommerce.Core\DTOs\InventoryDtos.cs(8,19): warning CS8618: Non-nullable property 'ImageUrl' must contain a non-null value when exiting constructor. Consider adding the 'required' modifier or declaring the property as nullable. [C:\Users\User\Documents\Personal\Arza\ECommerce.Core\ECommerce.Core.csproj]
C:\Users\User\Documents\Personal\Arza\ECommerce.Core\Entities\Order.cs(44,18): warning CS8618: Non-nullable property 'Order' must contain a non-null value when exiting constructor. Consider adding the 'required' modifier or declaring the property as nullable. [C:\Users\User\Documents\Personal\Arza\ECommerce.Core\ECommerce.Core.csproj]
C:\Users\User\Documents\Personal\Arza\ECommerce.Core\Entities\Order.cs(47,20): warning CS8618: Non-nullable property 'Product' must contain a non-null value when exiting constructor. Consider adding the 'required' modifier or declaring the property as nullable. [C:\Users\User\Documents\Personal\Arza\ECommerce.Core\ECommerce.Core.csproj]
C:\Users\User\Documents\Personal\Arza\ECommerce.Core\Entities\Order.cs(49,19): warning CS8618: Non-nullable property 'ProductName' must contain a non-null value when exiting constructor. Consider adding the 'required' modifier or declaring the property as nullable. [C:\Users\User\Documents\Personal\Arza\ECommerce.Core\ECommerce.Core.csproj]
C:\Users\User\Documents\Personal\Arza\ECommerce.Core\DTOs\HeroBannerDto.cs(17,19): warning CS8618: Non-nullable property 'Title' must contain a non-null value when exiting constructor. Consider adding the 'required' modifier or declaring the property as nullable. [C:\Users\User\Documents\Personal\Arza\ECommerce.Core\ECommerce.Core.csproj]
C:\Users\User\Documents\Personal\Arza\ECommerce.Core\DTOs\HeroBannerDto.cs(18,19): warning CS8618: Non-nullable property 'Subtitle' must contain a non-null value when exiting constructor. Consider adding the 'required' modifier or declaring the property as nullable. [C:\Users\User\Documents\Personal\Arza\ECommerce.Core\ECommerce.Core.csproj]
C:\Users\User\Documents\Personal\Arza\ECommerce.Core\DTOs\HeroBannerDto.cs(19,19): warning CS8618: Non-nullable property 'ImageUrl' must contain a non-null value when exiting constructor. Consider adding the 'required' modifier or declaring the property as nullable. [C:\Users\User\Documents\Personal\Arza\ECommerce.Core\ECommerce.Core.csproj]
C:\Users\User\Documents\Personal\Arza\ECommerce.Core\DTOs\HeroBannerDto.cs(20,19): warning CS8618: Non-nullable property 'MobileImageUrl' must contain a non-null value when exiting constructor. Consider adding the 'required' modifier or declaring the property as nullable. [C:\Users\User\Documents\Personal\Arza\ECommerce.Core\ECommerce.Core.csproj]
C:\Users\User\Documents\Personal\Arza\ECommerce.Core\DTOs\HeroBannerDto.cs(21,19): warning CS8618: Non-nullable property 'LinkUrl' must contain a non-null value when exiting constructor. Consider adding the 'required' modifier or declaring the property as nullable. [C:\Users\User\Documents\Personal\Arza\ECommerce.Core\ECommerce.Core.csproj]
C:\Users\User\Documents\Personal\Arza\ECommerce.Core\DTOs\HeroBannerDto.cs(22,19): warning CS8618: Non-nullable property 'ButtonText' must contain a non-null value when exiting constructor. Consider adding the 'required' modifier or declaring the property as nullable. [C:\Users\User\Documents\Personal\Arza\ECommerce.Core\ECommerce.Core.csproj]
C:\Users\User\Documents\Personal\Arza\ECommerce.Core\DTOs\HeroBannerDto.cs(6,19): warning CS8618: Non-nullable property 'Title' must contain a non-null value when exiting constructor. Consider adding the 'required' modifier or declaring the property as nullable. [C:\Users\User\Documents\Personal\Arza\ECommerce.Core\ECommerce.Core.csproj]
C:\Users\User\Documents\Personal\Arza\ECommerce.Core\DTOs\HeroBannerDto.cs(7,19): warning CS8618: Non-nullable property 'Subtitle' must contain a non-null value when exiting constructor. Consider adding the 'required' modifier or declaring the property as nullable. [C:\Users\User\Documents\Personal\Arza\ECommerce.Core\ECommerce.Core.csproj]
C:\Users\User\Documents\Personal\Arza\ECommerce.Core\DTOs\HeroBannerDto.cs(8,19): warning CS8618: Non-nullable property 'ImageUrl' must contain a non-null value when exiting constructor. Consider adding the 'required' modifier or declaring the property as nullable. [C:\Users\User\Documents\Personal\Arza\ECommerce.Core\ECommerce.Core.csproj]
C:\Users\User\Documents\Personal\Arza\ECommerce.Core\DTOs\HeroBannerDto.cs(9,19): warning CS8618: Non-nullable property 'MobileImageUrl' must contain a non-null value when exiting constructor. Consider adding the 'required' modifier or declaring the property as nullable. [C:\Users\User\Documents\Personal\Arza\ECommerce.Core\ECommerce.Core.csproj]
C:\Users\User\Documents\Personal\Arza\ECommerce.Core\DTOs\HeroBannerDto.cs(10,19): warning CS8618: Non-nullable property 'LinkUrl' must contain a non-null value when exiting constructor. Consider adding the 'required' modifier or declaring the property as nullable. [C:\Users\User\Documents\Personal\Arza\ECommerce.Core\ECommerce.Core.csproj]
C:\Users\User\Documents\Personal\Arza\ECommerce.Core\DTOs\HeroBannerDto.cs(11,19): warning CS8618: Non-nullable property 'ButtonText' must contain a non-null value when exiting constructor. Consider adding the 'required' modifier or declaring the property as nullable. [C:\Users\User\Documents\Personal\Arza\ECommerce.Core\ECommerce.Core.csproj]
C:\Users\User\Documents\Personal\Arza\ECommerce.Core\Entities\Order.cs(19,19): warning CS8618: Non-nullable property 'OrderNumber' must contain a non-null value when exiting constructor. Consider adding the 'required' modifier or declaring the property as nullable. [C:\Users\User\Documents\Personal\Arza\ECommerce.Core\ECommerce.Core.csproj]
C:\Users\User\Documents\Personal\Arza\ECommerce.Core\Entities\Order.cs(22,19): warning CS8618: Non-nullable property 'CustomerName' must contain a non-null value when exiting constructor. Consider adding the 'required' modifier or declaring the property as nullable. [C:\Users\User\Documents\Personal\Arza\ECommerce.Core\ECommerce.Core.csproj]
C:\Users\User\Documents\Personal\Arza\ECommerce.Core\Entities\Order.cs(23,19): warning CS8618: Non-nullable property 'CustomerPhone' must contain a non-null value when exiting constructor. Consider adding the 'required' modifier or declaring the property as nullable. [C:\Users\User\Documents\Personal\Arza\ECommerce.Core\ECommerce.Core.csproj]
C:\Users\User\Documents\Personal\Arza\ECommerce.Core\Entities\Order.cs(24,19): warning CS8618: Non-nullable property 'ShippingAddress' must contain a non-null value when exiting constructor. Consider adding the 'required' modifier or declaring the property as nullable. [C:\Users\User\Documents\Personal\Arza\ECommerce.Core\ECommerce.Core.csproj]
C:\Users\User\Documents\Personal\Arza\ECommerce.Core\Entities\NavigationMenu.cs(7,19): warning CS8618: Non-nullable property 'Title' must contain a non-null value when exiting constructor. Consider adding the 'required' modifier or declaring the property as nullable. [C:\Users\User\Documents\Personal\Arza\ECommerce.Core\ECommerce.Core.csproj]
C:\Users\User\Documents\Personal\Arza\ECommerce.Infrastructure\Data\GenericRepository.cs(13,69): error CS0246: The type or namespace name 'BaseEntity' could not be found (are you missing a using directive or an assembly reference?) [C:\Users\User\Documents\Personal\Arza\ECommerce.Infrastructure\ECommerce.Infrastructure.csproj]
C:\Users\User\Documents\Personal\Arza\ECommerce.Infrastructure\Data\GenericRepository.cs(13,14): error CS0314: The type 'T' cannot be used as type parameter 'T' in the generic type or method 'IGenericRepository<T>'. There is no boxing conversion or type parameter conversion from 'T' to 'ECommerce.Core.Entities.BaseEntity'. [C:\Users\User\Documents\Personal\Arza\ECommerce.Infrastructure\ECommerce.Infrastructure.csproj]
    107 Warning(s)
    2 Error(s)

Time Elapsed 00:00:03.45
